2026-07-04T18:52:26: npm error Missing script: "start"
2026-07-04T18:52:26: npm error
2026-07-04T18:52:26: npm error Did you mean one of these?
2026-07-04T18:52:26: npm error   npm star # Mark your favorite packages
2026-07-04T18:52:26: npm error   npm stars # View packages marked as favorites
2026-07-04T18:52:26: npm error
2026-07-04T18:52:26: npm error To see a list of scripts, run:
2026-07-04T18:52:26: npm error   npm run
2026-07-04T18:52:26: npm error A complete log of this run can be found in: /Users/manu/.npm/_logs/2026-07-04T16_52_25_975Z-debug-0.log
2026-07-04T18:52:26: npm error Missing script: "start"
2026-07-04T18:52:26: npm error
2026-07-04T18:52:26: npm error Did you mean one of these?
2026-07-04T18:52:26: npm error   npm star # Mark your favorite packages
2026-07-04T18:52:26: npm error   npm stars # View packages marked as favorites
2026-07-04T18:52:26: npm error
2026-07-04T18:52:26: npm error To see a list of scripts, run:
2026-07-04T18:52:26: npm error   npm run
2026-07-04T18:52:26: npm error A complete log of this run can be found in: /Users/manu/.npm/_logs/2026-07-04T16_52_26_552Z-debug-0.log
2026-07-04T18:52:27: npm error Missing script: "start"
2026-07-04T18:52:27: npm error
2026-07-04T18:52:27: npm error Did you mean one of these?
2026-07-04T18:52:27: npm error   npm star # Mark your favorite packages
2026-07-04T18:52:27: npm error   npm stars # View packages marked as favorites
2026-07-04T18:52:27: npm error
2026-07-04T18:52:27: npm error To see a list of scripts, run:
2026-07-04T18:52:27: npm error   npm run
2026-07-04T18:52:27: npm error A complete log of this run can be found in: /Users/manu/.npm/_logs/2026-07-04T16_52_26_877Z-debug-0.log
2026-07-04T18:52:27: npm error Missing script: "start"
2026-07-04T18:52:27: npm error
2026-07-04T18:52:27: npm error Did you mean one of these?
2026-07-04T18:52:27: npm error   npm star # Mark your favorite packages
2026-07-04T18:52:27: npm error   npm stars # View packages marked as favorites
2026-07-04T18:52:27: npm error
2026-07-04T18:52:27: npm error To see a list of scripts, run:
2026-07-04T18:52:27: npm error   npm run
2026-07-04T18:52:27: npm error A complete log of this run can be found in: /Users/manu/.npm/_logs/2026-07-04T16_52_27_203Z-debug-0.log
2026-07-04T18:52:27: npm error Missing script: "start"
2026-07-04T18:52:27: npm error
2026-07-04T18:52:27: npm error Did you mean one of these?
2026-07-04T18:52:27: npm error   npm star # Mark your favorite packages
2026-07-04T18:52:27: npm error   npm stars # View packages marked as favorites
2026-07-04T18:52:27: npm error
2026-07-04T18:52:27: npm error To see a list of scripts, run:
2026-07-04T18:52:27: npm error   npm run
2026-07-04T18:52:27: npm error A complete log of this run can be found in: /Users/manu/.npm/_logs/2026-07-04T16_52_27_516Z-debug-0.log
2026-07-04T18:52:27: npm error Missing script: "start"
2026-07-04T18:52:27: npm error
2026-07-04T18:52:27: npm error Did you mean one of these?
2026-07-04T18:52:27: npm error   npm star # Mark your favorite packages
2026-07-04T18:52:27: npm error   npm stars # View packages marked as favorites
2026-07-04T18:52:27: npm error
2026-07-04T18:52:27: npm error To see a list of scripts, run:
2026-07-04T18:52:27: npm error   npm run
2026-07-04T18:52:27: npm error A complete log of this run can be found in: /Users/manu/.npm/_logs/2026-07-04T16_52_27_823Z-debug-0.log
2026-07-04T18:52:28: npm error Missing script: "start"
2026-07-04T18:52:28: npm error
2026-07-04T18:52:28: npm error Did you mean one of these?
2026-07-04T18:52:28: npm error   npm star # Mark your favorite packages
2026-07-04T18:52:28: npm error   npm stars # View packages marked as favorites
2026-07-04T18:52:28: npm error
2026-07-04T18:52:28: npm error To see a list of scripts, run:
2026-07-04T18:52:28: npm error   npm run
2026-07-04T18:52:28: npm error A complete log of this run can be found in: /Users/manu/.npm/_logs/2026-07-04T16_52_28_192Z-debug-0.log
2026-07-04T18:52:28: npm error Missing script: "start"
2026-07-04T18:52:28: npm error
2026-07-04T18:52:28: npm error Did you mean one of these?
2026-07-04T18:52:28: npm error   npm star # Mark your favorite packages
2026-07-04T18:52:28: npm error   npm stars # View packages marked as favorites
2026-07-04T18:52:28: npm error
2026-07-04T18:52:28: npm error To see a list of scripts, run:
2026-07-04T18:52:28: npm error   npm run
2026-07-04T18:52:28: npm error A complete log of this run can be found in: /Users/manu/.npm/_logs/2026-07-04T16_52_28_543Z-debug-0.log
2026-07-04T18:52:29: npm error Missing script: "start"
2026-07-04T18:52:29: npm error
2026-07-04T18:52:29: npm error Did you mean one of these?
2026-07-04T18:52:29: npm error   npm star # Mark your favorite packages
2026-07-04T18:52:29: npm error   npm stars # View packages marked as favorites
2026-07-04T18:52:29: npm error
2026-07-04T18:52:29: npm error To see a list of scripts, run:
2026-07-04T18:52:29: npm error   npm run
2026-07-04T18:52:29: npm error A complete log of this run can be found in: /Users/manu/.npm/_logs/2026-07-04T16_52_28_880Z-debug-0.log
2026-07-04T18:52:29: npm error Missing script: "start"
2026-07-04T18:52:29: npm error
2026-07-04T18:52:29: npm error Did you mean one of these?
2026-07-04T18:52:29: npm error   npm star # Mark your favorite packages
2026-07-04T18:52:29: npm error   npm stars # View packages marked as favorites
2026-07-04T18:52:29: npm error
2026-07-04T18:52:29: npm error To see a list of scripts, run:
2026-07-04T18:52:29: npm error   npm run
2026-07-04T18:52:29: npm error A complete log of this run can be found in: /Users/manu/.npm/_logs/2026-07-04T16_52_29_187Z-debug-0.log
2026-07-04T18:52:29: npm error Missing script: "start"
2026-07-04T18:52:29: npm error
2026-07-04T18:52:29: npm error Did you mean one of these?
2026-07-04T18:52:29: npm error   npm star # Mark your favorite packages
2026-07-04T18:52:29: npm error   npm stars # View packages marked as favorites
2026-07-04T18:52:29: npm error
2026-07-04T18:52:29: npm error To see a list of scripts, run:
2026-07-04T18:52:29: npm error   npm run
2026-07-04T18:52:29: npm error A complete log of this run can be found in: /Users/manu/.npm/_logs/2026-07-04T16_52_29_522Z-debug-0.log
2026-07-04T18:52:29: npm error Missing script: "start"
2026-07-04T18:52:29: npm error
2026-07-04T18:52:29: npm error Did you mean one of these?
2026-07-04T18:52:29: npm error   npm star # Mark your favorite packages
2026-07-04T18:52:29: npm error   npm stars # View packages marked as favorites
2026-07-04T18:52:29: npm error
2026-07-04T18:52:29: npm error To see a list of scripts, run:
2026-07-04T18:52:29: npm error   npm run
2026-07-04T18:52:29: npm error A complete log of this run can be found in: /Users/manu/.npm/_logs/2026-07-04T16_52_29_830Z-debug-0.log
2026-07-04T18:52:30: npm error Missing script: "start"
2026-07-04T18:52:30: npm error
2026-07-04T18:52:30: npm error Did you mean one of these?
2026-07-04T18:52:30: npm error   npm star # Mark your favorite packages
2026-07-04T18:52:30: npm error   npm stars # View packages marked as favorites
2026-07-04T18:52:30: npm error
2026-07-04T18:52:30: npm error To see a list of scripts, run:
2026-07-04T18:52:30: npm error   npm run
2026-07-04T18:52:30: npm error A complete log of this run can be found in: /Users/manu/.npm/_logs/2026-07-04T16_52_30_144Z-debug-0.log
2026-07-04T18:52:30: npm error Missing script: "start"
2026-07-04T18:52:30: npm error
2026-07-04T18:52:30: npm error Did you mean one of these?
2026-07-04T18:52:30: npm error   npm star # Mark your favorite packages
2026-07-04T18:52:30: npm error   npm stars # View packages marked as favorites
2026-07-04T18:52:30: npm error
2026-07-04T18:52:30: npm error To see a list of scripts, run:
2026-07-04T18:52:30: npm error   npm run
2026-07-04T18:52:30: npm error A complete log of this run can be found in: /Users/manu/.npm/_logs/2026-07-04T16_52_30_457Z-debug-0.log
2026-07-04T18:52:30: npm error Missing script: "start"
2026-07-04T18:52:30: npm error
2026-07-04T18:52:30: npm error Did you mean one of these?
2026-07-04T18:52:30: npm error   npm star # Mark your favorite packages
2026-07-04T18:52:30: npm error   npm stars # View packages marked as favorites
2026-07-04T18:52:30: npm error
2026-07-04T18:52:30: npm error To see a list of scripts, run:
2026-07-04T18:52:30: npm error   npm run
2026-07-04T18:52:30: npm error A complete log of this run can be found in: /Users/manu/.npm/_logs/2026-07-04T16_52_30_767Z-debug-0.log
2026-07-04T18:55:52: npm error Missing script: "start"
2026-07-04T18:55:52: npm error
2026-07-04T18:55:52: npm error Did you mean one of these?
2026-07-04T18:55:52: npm error   npm star # Mark your favorite packages
2026-07-04T18:55:52: npm error   npm stars # View packages marked as favorites
2026-07-04T18:55:52: npm error
2026-07-04T18:55:52: npm error To see a list of scripts, run:
2026-07-04T18:55:52: npm error   npm run
2026-07-04T18:55:52: npm error A complete log of this run can be found in: /Users/manu/.npm/_logs/2026-07-04T16_55_52_368Z-debug-0.log
2026-07-04T18:55:52: npm error Missing script: "start"
2026-07-04T18:55:52: npm error
2026-07-04T18:55:52: npm error Did you mean one of these?
2026-07-04T18:55:52: npm error   npm star # Mark your favorite packages
2026-07-04T18:55:52: npm error   npm stars # View packages marked as favorites
2026-07-04T18:55:52: npm error
2026-07-04T18:55:52: npm error To see a list of scripts, run:
2026-07-04T18:55:52: npm error   npm run
2026-07-04T18:55:52: npm error A complete log of this run can be found in: /Users/manu/.npm/_logs/2026-07-04T16_55_52_863Z-debug-0.log
2026-07-04T18:55:53: npm error Missing script: "start"
2026-07-04T18:55:53: npm error
2026-07-04T18:55:53: npm error Did you mean one of these?
2026-07-04T18:55:53: npm error   npm star # Mark your favorite packages
2026-07-04T18:55:53: npm error   npm stars # View packages marked as favorites
2026-07-04T18:55:53: npm error
2026-07-04T18:55:53: npm error To see a list of scripts, run:
2026-07-04T18:55:53: npm error   npm run
2026-07-04T18:55:53: npm error A complete log of this run can be found in: /Users/manu/.npm/_logs/2026-07-04T16_55_53_200Z-debug-0.log
2026-07-04T18:55:53: npm error Missing script: "start"
2026-07-04T18:55:53: npm error
2026-07-04T18:55:53: npm error Did you mean one of these?
2026-07-04T18:55:53: npm error   npm star # Mark your favorite packages
2026-07-04T18:55:53: npm error   npm stars # View packages marked as favorites
2026-07-04T18:55:53: npm error
2026-07-04T18:55:53: npm error To see a list of scripts, run:
2026-07-04T18:55:53: npm error   npm run
2026-07-04T18:55:53: npm error A complete log of this run can be found in: /Users/manu/.npm/_logs/2026-07-04T16_55_53_568Z-debug-0.log
2026-07-04T18:55:54: npm error Missing script: "start"
2026-07-04T18:55:54: npm error
2026-07-04T18:55:54: npm error Did you mean one of these?
2026-07-04T18:55:54: npm error   npm star # Mark your favorite packages
2026-07-04T18:55:54: npm error   npm stars # View packages marked as favorites
2026-07-04T18:55:54: npm error
2026-07-04T18:55:54: npm error To see a list of scripts, run:
2026-07-04T18:55:54: npm error   npm run
2026-07-04T18:55:54: npm error A complete log of this run can be found in: /Users/manu/.npm/_logs/2026-07-04T16_55_53_885Z-debug-0.log
2026-07-04T18:55:54: npm error Missing script: "start"
2026-07-04T18:55:54: npm error
2026-07-04T18:55:54: npm error Did you mean one of these?
2026-07-04T18:55:54: npm error   npm star # Mark your favorite packages
2026-07-04T18:55:54: npm error   npm stars # View packages marked as favorites
2026-07-04T18:55:54: npm error
2026-07-04T18:55:54: npm error To see a list of scripts, run:
2026-07-04T18:55:54: npm error   npm run
2026-07-04T18:55:54: npm error A complete log of this run can be found in: /Users/manu/.npm/_logs/2026-07-04T16_55_54_191Z-debug-0.log
2026-07-04T18:55:54: npm error Missing script: "start"
2026-07-04T18:55:54: npm error
2026-07-04T18:55:54: npm error Did you mean one of these?
2026-07-04T18:55:54: npm error   npm star # Mark your favorite packages
2026-07-04T18:55:54: npm error   npm stars # View packages marked as favorites
2026-07-04T18:55:54: npm error
2026-07-04T18:55:54: npm error To see a list of scripts, run:
2026-07-04T18:55:54: npm error   npm run
2026-07-04T18:55:54: npm error A complete log of this run can be found in: /Users/manu/.npm/_logs/2026-07-04T16_55_54_499Z-debug-0.log
2026-07-04T18:55:54: npm error Missing script: "start"
2026-07-04T18:55:54: npm error
2026-07-04T18:55:54: npm error Did you mean one of these?
2026-07-04T18:55:54: npm error   npm star # Mark your favorite packages
2026-07-04T18:55:54: npm error   npm stars # View packages marked as favorites
2026-07-04T18:55:54: npm error
2026-07-04T18:55:54: npm error To see a list of scripts, run:
2026-07-04T18:55:54: npm error   npm run
2026-07-04T18:55:54: npm error A complete log of this run can be found in: /Users/manu/.npm/_logs/2026-07-04T16_55_54_809Z-debug-0.log
2026-07-04T18:55:55: npm error Missing script: "start"
2026-07-04T18:55:55: npm error
2026-07-04T18:55:55: npm error Did you mean one of these?
2026-07-04T18:55:55: npm error   npm star # Mark your favorite packages
2026-07-04T18:55:55: npm error   npm stars # View packages marked as favorites
2026-07-04T18:55:55: npm error
2026-07-04T18:55:55: npm error To see a list of scripts, run:
2026-07-04T18:55:55: npm error   npm run
2026-07-04T18:55:55: npm error A complete log of this run can be found in: /Users/manu/.npm/_logs/2026-07-04T16_55_55_115Z-debug-0.log
2026-07-04T18:55:55: npm error Missing script: "start"
2026-07-04T18:55:55: npm error
2026-07-04T18:55:55: npm error Did you mean one of these?
2026-07-04T18:55:55: npm error   npm star # Mark your favorite packages
2026-07-04T18:55:55: npm error   npm stars # View packages marked as favorites
2026-07-04T18:55:55: npm error
2026-07-04T18:55:55: npm error To see a list of scripts, run:
2026-07-04T18:55:55: npm error   npm run
2026-07-04T18:55:55: npm error A complete log of this run can be found in: /Users/manu/.npm/_logs/2026-07-04T16_55_55_427Z-debug-0.log
2026-07-04T18:55:55: npm error Missing script: "start"
2026-07-04T18:55:55: npm error
2026-07-04T18:55:55: npm error Did you mean one of these?
2026-07-04T18:55:55: npm error   npm star # Mark your favorite packages
2026-07-04T18:55:55: npm error   npm stars # View packages marked as favorites
2026-07-04T18:55:55: npm error
2026-07-04T18:55:55: npm error To see a list of scripts, run:
2026-07-04T18:55:55: npm error   npm run
2026-07-04T18:55:55: npm error A complete log of this run can be found in: /Users/manu/.npm/_logs/2026-07-04T16_55_55_731Z-debug-0.log
2026-07-04T18:55:56: npm error Missing script: "start"
2026-07-04T18:55:56: npm error
2026-07-04T18:55:56: npm error Did you mean one of these?
2026-07-04T18:55:56: npm error   npm star # Mark your favorite packages
2026-07-04T18:55:56: npm error   npm stars # View packages marked as favorites
2026-07-04T18:55:56: npm error
2026-07-04T18:55:56: npm error To see a list of scripts, run:
2026-07-04T18:55:56: npm error   npm run
2026-07-04T18:55:56: npm error A complete log of this run can be found in: /Users/manu/.npm/_logs/2026-07-04T16_55_56_036Z-debug-0.log
2026-07-04T18:55:56: npm error Missing script: "start"
2026-07-04T18:55:56: npm error
2026-07-04T18:55:56: npm error Did you mean one of these?
2026-07-04T18:55:56: npm error   npm star # Mark your favorite packages
2026-07-04T18:55:56: npm error   npm stars # View packages marked as favorites
2026-07-04T18:55:56: npm error
2026-07-04T18:55:56: npm error To see a list of scripts, run:
2026-07-04T18:55:56: npm error   npm run
2026-07-04T18:55:56: npm error A complete log of this run can be found in: /Users/manu/.npm/_logs/2026-07-04T16_55_56_340Z-debug-0.log
2026-07-04T18:55:56: npm error Missing script: "start"
2026-07-04T18:55:56: npm error
2026-07-04T18:55:56: npm error Did you mean one of these?
2026-07-04T18:55:56: npm error   npm star # Mark your favorite packages
2026-07-04T18:55:56: npm error   npm stars # View packages marked as favorites
2026-07-04T18:55:56: npm error
2026-07-04T18:55:56: npm error To see a list of scripts, run:
2026-07-04T18:55:56: npm error   npm run
2026-07-04T18:55:56: npm error A complete log of this run can be found in: /Users/manu/.npm/_logs/2026-07-04T16_55_56_647Z-debug-0.log
2026-07-04T18:55:57: npm error Missing script: "start"
2026-07-04T18:55:57: npm error
2026-07-04T18:55:57: npm error Did you mean one of these?
2026-07-04T18:55:57: npm error   npm star # Mark your favorite packages
2026-07-04T18:55:57: npm error   npm stars # View packages marked as favorites
2026-07-04T18:55:57: npm error
2026-07-04T18:55:57: npm error To see a list of scripts, run:
2026-07-04T18:55:57: npm error   npm run
2026-07-04T18:55:57: npm error A complete log of this run can be found in: /Users/manu/.npm/_logs/2026-07-04T16_55_56_956Z-debug-0.log
2026-07-04T18:56:06: npm error Missing script: "start"
2026-07-04T18:56:06: npm error
2026-07-04T18:56:06: npm error Did you mean one of these?
2026-07-04T18:56:06: npm error   npm star # Mark your favorite packages
2026-07-04T18:56:06: npm error   npm stars # View packages marked as favorites
2026-07-04T18:56:06: npm error
2026-07-04T18:56:06: npm error To see a list of scripts, run:
2026-07-04T18:56:06: npm error   npm run
2026-07-04T18:56:06: npm error A complete log of this run can be found in: /Users/manu/.npm/_logs/2026-07-04T16_56_06_496Z-debug-0.log
2026-07-04T18:56:07: npm error Missing script: "start"
2026-07-04T18:56:07: npm error
2026-07-04T18:56:07: npm error Did you mean one of these?
2026-07-04T18:56:07: npm error   npm star # Mark your favorite packages
2026-07-04T18:56:07: npm error   npm stars # View packages marked as favorites
2026-07-04T18:56:07: npm error
2026-07-04T18:56:07: npm error To see a list of scripts, run:
2026-07-04T18:56:07: npm error   npm run
2026-07-04T18:56:07: npm error A complete log of this run can be found in: /Users/manu/.npm/_logs/2026-07-04T16_56_06_881Z-debug-0.log
2026-07-04T18:56:07: npm error Missing script: "start"
2026-07-04T18:56:07: npm error
2026-07-04T18:56:07: npm error Did you mean one of these?
2026-07-04T18:56:07: npm error   npm star # Mark your favorite packages
2026-07-04T18:56:07: npm error   npm stars # View packages marked as favorites
2026-07-04T18:56:07: npm error
2026-07-04T18:56:07: npm error To see a list of scripts, run:
2026-07-04T18:56:07: npm error   npm run
2026-07-04T18:56:07: npm error A complete log of this run can be found in: /Users/manu/.npm/_logs/2026-07-04T16_56_07_226Z-debug-0.log
2026-07-04T18:56:07: npm error Missing script: "start"
2026-07-04T18:56:07: npm error
2026-07-04T18:56:07: npm error Did you mean one of these?
2026-07-04T18:56:07: npm error   npm star # Mark your favorite packages
2026-07-04T18:56:07: npm error   npm stars # View packages marked as favorites
2026-07-04T18:56:07: npm error
2026-07-04T18:56:07: npm error To see a list of scripts, run:
2026-07-04T18:56:07: npm error   npm run
2026-07-04T18:56:07: npm error A complete log of this run can be found in: /Users/manu/.npm/_logs/2026-07-04T16_56_07_536Z-debug-0.log
2026-07-04T18:56:07: npm error Missing script: "start"
2026-07-04T18:56:07: npm error
2026-07-04T18:56:07: npm error Did you mean one of these?
2026-07-04T18:56:07: npm error   npm star # Mark your favorite packages
2026-07-04T18:56:07: npm error   npm stars # View packages marked as favorites
2026-07-04T18:56:07: npm error
2026-07-04T18:56:07: npm error To see a list of scripts, run:
2026-07-04T18:56:07: npm error   npm run
2026-07-04T18:56:07: npm error A complete log of this run can be found in: /Users/manu/.npm/_logs/2026-07-04T16_56_07_842Z-debug-0.log
2026-07-04T18:56:08: npm error Missing script: "start"
2026-07-04T18:56:08: npm error
2026-07-04T18:56:08: npm error Did you mean one of these?
2026-07-04T18:56:08: npm error   npm star # Mark your favorite packages
2026-07-04T18:56:08: npm error   npm stars # View packages marked as favorites
2026-07-04T18:56:08: npm error
2026-07-04T18:56:08: npm error To see a list of scripts, run:
2026-07-04T18:56:08: npm error   npm run
2026-07-04T18:56:08: npm error A complete log of this run can be found in: /Users/manu/.npm/_logs/2026-07-04T16_56_08_146Z-debug-0.log
2026-07-04T18:56:08: npm error Missing script: "start"
2026-07-04T18:56:08: npm error
2026-07-04T18:56:08: npm error Did you mean one of these?
2026-07-04T18:56:08: npm error   npm star # Mark your favorite packages
2026-07-04T18:56:08: npm error   npm stars # View packages marked as favorites
2026-07-04T18:56:08: npm error
2026-07-04T18:56:08: npm error To see a list of scripts, run:
2026-07-04T18:56:08: npm error   npm run
2026-07-04T18:56:08: npm error A complete log of this run can be found in: /Users/manu/.npm/_logs/2026-07-04T16_56_08_460Z-debug-0.log
2026-07-04T18:56:08: npm error Missing script: "start"
2026-07-04T18:56:08: npm error
2026-07-04T18:56:08: npm error Did you mean one of these?
2026-07-04T18:56:08: npm error   npm star # Mark your favorite packages
2026-07-04T18:56:08: npm error   npm stars # View packages marked as favorites
2026-07-04T18:56:08: npm error
2026-07-04T18:56:08: npm error To see a list of scripts, run:
2026-07-04T18:56:08: npm error   npm run
2026-07-04T18:56:08: npm error A complete log of this run can be found in: /Users/manu/.npm/_logs/2026-07-04T16_56_08_772Z-debug-0.log
2026-07-04T18:56:09: npm error Missing script: "start"
2026-07-04T18:56:09: npm error
2026-07-04T18:56:09: npm error Did you mean one of these?
2026-07-04T18:56:09: npm error   npm star # Mark your favorite packages
2026-07-04T18:56:09: npm error   npm stars # View packages marked as favorites
2026-07-04T18:56:09: npm error
2026-07-04T18:56:09: npm error To see a list of scripts, run:
2026-07-04T18:56:09: npm error   npm run
2026-07-04T18:56:09: npm error A complete log of this run can be found in: /Users/manu/.npm/_logs/2026-07-04T16_56_09_168Z-debug-0.log
2026-07-04T18:56:09: npm error Missing script: "start"
2026-07-04T18:56:09: npm error
2026-07-04T18:56:09: npm error Did you mean one of these?
2026-07-04T18:56:09: npm error   npm star # Mark your favorite packages
2026-07-04T18:56:09: npm error   npm stars # View packages marked as favorites
2026-07-04T18:56:09: npm error
2026-07-04T18:56:09: npm error To see a list of scripts, run:
2026-07-04T18:56:09: npm error   npm run
2026-07-04T18:56:09: npm error A complete log of this run can be found in: /Users/manu/.npm/_logs/2026-07-04T16_56_09_499Z-debug-0.log
2026-07-04T18:56:09: npm error Missing script: "start"
2026-07-04T18:56:09: npm error
2026-07-04T18:56:09: npm error Did you mean one of these?
2026-07-04T18:56:09: npm error   npm star # Mark your favorite packages
2026-07-04T18:56:09: npm error   npm stars # View packages marked as favorites
2026-07-04T18:56:09: npm error
2026-07-04T18:56:09: npm error To see a list of scripts, run:
2026-07-04T18:56:09: npm error   npm run
2026-07-04T18:56:09: npm error A complete log of this run can be found in: /Users/manu/.npm/_logs/2026-07-04T16_56_09_807Z-debug-0.log
2026-07-04T18:56:10: npm error Missing script: "start"
2026-07-04T18:56:10: npm error
2026-07-04T18:56:10: npm error Did you mean one of these?
2026-07-04T18:56:10: npm error   npm star # Mark your favorite packages
2026-07-04T18:56:10: npm error   npm stars # View packages marked as favorites
2026-07-04T18:56:10: npm error
2026-07-04T18:56:10: npm error To see a list of scripts, run:
2026-07-04T18:56:10: npm error   npm run
2026-07-04T18:56:10: npm error A complete log of this run can be found in: /Users/manu/.npm/_logs/2026-07-04T16_56_10_116Z-debug-0.log
2026-07-04T18:56:10: npm error Missing script: "start"
2026-07-04T18:56:10: npm error
2026-07-04T18:56:10: npm error Did you mean one of these?
2026-07-04T18:56:10: npm error   npm star # Mark your favorite packages
2026-07-04T18:56:10: npm error   npm stars # View packages marked as favorites
2026-07-04T18:56:10: npm error
2026-07-04T18:56:10: npm error To see a list of scripts, run:
2026-07-04T18:56:10: npm error   npm run
2026-07-04T18:56:10: npm error A complete log of this run can be found in: /Users/manu/.npm/_logs/2026-07-04T16_56_10_419Z-debug-0.log
2026-07-04T18:56:10: npm error Missing script: "start"
2026-07-04T18:56:10: npm error
2026-07-04T18:56:10: npm error Did you mean one of these?
2026-07-04T18:56:10: npm error   npm star # Mark your favorite packages
2026-07-04T18:56:10: npm error   npm stars # View packages marked as favorites
2026-07-04T18:56:10: npm error
2026-07-04T18:56:10: npm error To see a list of scripts, run:
2026-07-04T18:56:10: npm error   npm run
2026-07-04T18:56:10: npm error A complete log of this run can be found in: /Users/manu/.npm/_logs/2026-07-04T16_56_10_851Z-debug-0.log
2026-07-04T18:56:11: npm error Missing script: "start"
2026-07-04T18:56:11: npm error
2026-07-04T18:56:11: npm error Did you mean one of these?
2026-07-04T18:56:11: npm error   npm star # Mark your favorite packages
2026-07-04T18:56:11: npm error   npm stars # View packages marked as favorites
2026-07-04T18:56:11: npm error
2026-07-04T18:56:11: npm error To see a list of scripts, run:
2026-07-04T18:56:11: npm error   npm run
2026-07-04T18:56:11: npm error A complete log of this run can be found in: /Users/manu/.npm/_logs/2026-07-04T16_56_11_182Z-debug-0.log
2026-07-04T18:58:34: npm error Missing script: "start"
2026-07-04T18:58:34: npm error
2026-07-04T18:58:34: npm error Did you mean one of these?
2026-07-04T18:58:34: npm error   npm star # Mark your favorite packages
2026-07-04T18:58:34: npm error   npm stars # View packages marked as favorites
2026-07-04T18:58:34: npm error
2026-07-04T18:58:34: npm error To see a list of scripts, run:
2026-07-04T18:58:34: npm error   npm run
2026-07-04T18:58:34: npm error A complete log of this run can be found in: /Users/manu/.npm/_logs/2026-07-04T16_58_34_325Z-debug-0.log
2026-07-04T18:58:35: npm error Missing script: "start"
2026-07-04T18:58:35: npm error
2026-07-04T18:58:35: npm error Did you mean one of these?
2026-07-04T18:58:35: npm error   npm star # Mark your favorite packages
2026-07-04T18:58:35: npm error   npm stars # View packages marked as favorites
2026-07-04T18:58:35: npm error
2026-07-04T18:58:35: npm error To see a list of scripts, run:
2026-07-04T18:58:35: npm error   npm run
2026-07-04T18:58:35: npm error A complete log of this run can be found in: /Users/manu/.npm/_logs/2026-07-04T16_58_35_086Z-debug-0.log
2026-07-04T18:58:35: npm error Missing script: "start"
2026-07-04T18:58:35: npm error
2026-07-04T18:58:35: npm error Did you mean one of these?
2026-07-04T18:58:35: npm error   npm star # Mark your favorite packages
2026-07-04T18:58:35: npm error   npm stars # View packages marked as favorites
2026-07-04T18:58:35: npm error
2026-07-04T18:58:35: npm error To see a list of scripts, run:
2026-07-04T18:58:35: npm error   npm run
2026-07-04T18:58:35: npm error A complete log of this run can be found in: /Users/manu/.npm/_logs/2026-07-04T16_58_35_444Z-debug-0.log
2026-07-04T18:58:35: npm error Missing script: "start"
2026-07-04T18:58:35: npm error
2026-07-04T18:58:35: npm error Did you mean one of these?
2026-07-04T18:58:35: npm error   npm star # Mark your favorite packages
2026-07-04T18:58:35: npm error   npm stars # View packages marked as favorites
2026-07-04T18:58:35: npm error
2026-07-04T18:58:35: npm error To see a list of scripts, run:
2026-07-04T18:58:35: npm error   npm run
2026-07-04T18:58:35: npm error A complete log of this run can be found in: /Users/manu/.npm/_logs/2026-07-04T16_58_35_775Z-debug-0.log
2026-07-04T18:58:36: npm error Missing script: "start"
2026-07-04T18:58:36: npm error
2026-07-04T18:58:36: npm error Did you mean one of these?
2026-07-04T18:58:36: npm error   npm star # Mark your favorite packages
2026-07-04T18:58:36: npm error   npm stars # View packages marked as favorites
2026-07-04T18:58:36: npm error
2026-07-04T18:58:36: npm error To see a list of scripts, run:
2026-07-04T18:58:36: npm error   npm run
2026-07-04T18:58:36: npm error A complete log of this run can be found in: /Users/manu/.npm/_logs/2026-07-04T16_58_36_086Z-debug-0.log
2026-07-04T18:58:36: npm error Missing script: "start"
2026-07-04T18:58:36: npm error
2026-07-04T18:58:36: npm error Did you mean one of these?
2026-07-04T18:58:36: npm error   npm star # Mark your favorite packages
2026-07-04T18:58:36: npm error   npm stars # View packages marked as favorites
2026-07-04T18:58:36: npm error
2026-07-04T18:58:36: npm error To see a list of scripts, run:
2026-07-04T18:58:36: npm error   npm run
2026-07-04T18:58:36: npm error A complete log of this run can be found in: /Users/manu/.npm/_logs/2026-07-04T16_58_36_410Z-debug-0.log
2026-07-04T18:58:36: npm error Missing script: "start"
2026-07-04T18:58:36: npm error
2026-07-04T18:58:36: npm error Did you mean one of these?
2026-07-04T18:58:36: npm error   npm star # Mark your favorite packages
2026-07-04T18:58:36: npm error   npm stars # View packages marked as favorites
2026-07-04T18:58:36: npm error
2026-07-04T18:58:36: npm error To see a list of scripts, run:
2026-07-04T18:58:36: npm error   npm run
2026-07-04T18:58:36: npm error A complete log of this run can be found in: /Users/manu/.npm/_logs/2026-07-04T16_58_36_737Z-debug-0.log
2026-07-04T18:58:37: npm error Missing script: "start"
2026-07-04T18:58:37: npm error
2026-07-04T18:58:37: npm error Did you mean one of these?
2026-07-04T18:58:37: npm error   npm star # Mark your favorite packages
2026-07-04T18:58:37: npm error   npm stars # View packages marked as favorites
2026-07-04T18:58:37: npm error
2026-07-04T18:58:37: npm error To see a list of scripts, run:
2026-07-04T18:58:37: npm error   npm run
2026-07-04T18:58:37: npm error A complete log of this run can be found in: /Users/manu/.npm/_logs/2026-07-04T16_58_37_042Z-debug-0.log
2026-07-04T18:58:37: npm error Missing script: "start"
2026-07-04T18:58:37: npm error
2026-07-04T18:58:37: npm error Did you mean one of these?
2026-07-04T18:58:37: npm error   npm star # Mark your favorite packages
2026-07-04T18:58:37: npm error   npm stars # View packages marked as favorites
2026-07-04T18:58:37: npm error
2026-07-04T18:58:37: npm error To see a list of scripts, run:
2026-07-04T18:58:37: npm error   npm run
2026-07-04T18:58:37: npm error A complete log of this run can be found in: /Users/manu/.npm/_logs/2026-07-04T16_58_37_361Z-debug-0.log
2026-07-04T18:58:37: npm error Missing script: "start"
2026-07-04T18:58:37: npm error
2026-07-04T18:58:37: npm error Did you mean one of these?
2026-07-04T18:58:37: npm error   npm star # Mark your favorite packages
2026-07-04T18:58:37: npm error   npm stars # View packages marked as favorites
2026-07-04T18:58:37: npm error
2026-07-04T18:58:37: npm error To see a list of scripts, run:
2026-07-04T18:58:37: npm error   npm run
2026-07-04T18:58:37: npm error A complete log of this run can be found in: /Users/manu/.npm/_logs/2026-07-04T16_58_37_676Z-debug-0.log
2026-07-04T18:58:38: npm error Missing script: "start"
2026-07-04T18:58:38: npm error
2026-07-04T18:58:38: npm error Did you mean one of these?
2026-07-04T18:58:38: npm error   npm star # Mark your favorite packages
2026-07-04T18:58:38: npm error   npm stars # View packages marked as favorites
2026-07-04T18:58:38: npm error
2026-07-04T18:58:38: npm error To see a list of scripts, run:
2026-07-04T18:58:38: npm error   npm run
2026-07-04T18:58:38: npm error A complete log of this run can be found in: /Users/manu/.npm/_logs/2026-07-04T16_58_37_986Z-debug-0.log
2026-07-04T18:58:38: npm error Missing script: "start"
2026-07-04T18:58:38: npm error
2026-07-04T18:58:38: npm error Did you mean one of these?
2026-07-04T18:58:38: npm error   npm star # Mark your favorite packages
2026-07-04T18:58:38: npm error   npm stars # View packages marked as favorites
2026-07-04T18:58:38: npm error
2026-07-04T18:58:38: npm error To see a list of scripts, run:
2026-07-04T18:58:38: npm error   npm run
2026-07-04T18:58:38: npm error A complete log of this run can be found in: /Users/manu/.npm/_logs/2026-07-04T16_58_38_292Z-debug-0.log
2026-07-04T18:58:38: npm error Missing script: "start"
2026-07-04T18:58:38: npm error
2026-07-04T18:58:38: npm error Did you mean one of these?
2026-07-04T18:58:38: npm error   npm star # Mark your favorite packages
2026-07-04T18:58:38: npm error   npm stars # View packages marked as favorites
2026-07-04T18:58:38: npm error
2026-07-04T18:58:38: npm error To see a list of scripts, run:
2026-07-04T18:58:38: npm error   npm run
2026-07-04T18:58:38: npm error A complete log of this run can be found in: /Users/manu/.npm/_logs/2026-07-04T16_58_38_598Z-debug-0.log
2026-07-04T18:58:39: npm error Missing script: "start"
2026-07-04T18:58:39: npm error
2026-07-04T18:58:39: npm error Did you mean one of these?
2026-07-04T18:58:39: npm error   npm star # Mark your favorite packages
2026-07-04T18:58:39: npm error   npm stars # View packages marked as favorites
2026-07-04T18:58:39: npm error
2026-07-04T18:58:39: npm error To see a list of scripts, run:
2026-07-04T18:58:39: npm error   npm run
2026-07-04T18:58:39: npm error A complete log of this run can be found in: /Users/manu/.npm/_logs/2026-07-04T16_58_38_903Z-debug-0.log
2026-07-04T18:58:39: npm error Missing script: "start"
2026-07-04T18:58:39: npm error
2026-07-04T18:58:39: npm error Did you mean one of these?
2026-07-04T18:58:39: npm error   npm star # Mark your favorite packages
2026-07-04T18:58:39: npm error   npm stars # View packages marked as favorites
2026-07-04T18:58:39: npm error
2026-07-04T18:58:39: npm error To see a list of scripts, run:
2026-07-04T18:58:39: npm error   npm run
2026-07-04T18:58:39: npm error A complete log of this run can be found in: /Users/manu/.npm/_logs/2026-07-04T16_58_39_212Z-debug-0.log
2026-07-04T19:01:20: npm error Missing script: "start"
2026-07-04T19:01:20: npm error
2026-07-04T19:01:20: npm error Did you mean one of these?
2026-07-04T19:01:20: npm error   npm star # Mark your favorite packages
2026-07-04T19:01:20: npm error   npm stars # View packages marked as favorites
2026-07-04T19:01:20: npm error
2026-07-04T19:01:20: npm error To see a list of scripts, run:
2026-07-04T19:01:20: npm error   npm run
2026-07-04T19:01:20: npm error A complete log of this run can be found in: /Users/manu/.npm/_logs/2026-07-04T17_01_19_972Z-debug-0.log
2026-07-04T19:01:20: npm error Missing script: "start"
2026-07-04T19:01:20: npm error
2026-07-04T19:01:20: npm error Did you mean one of these?
2026-07-04T19:01:20: npm error   npm star # Mark your favorite packages
2026-07-04T19:01:20: npm error   npm stars # View packages marked as favorites
2026-07-04T19:01:20: npm error
2026-07-04T19:01:20: npm error To see a list of scripts, run:
2026-07-04T19:01:20: npm error   npm run
2026-07-04T19:01:20: npm error A complete log of this run can be found in: /Users/manu/.npm/_logs/2026-07-04T17_01_20_706Z-debug-0.log
2026-07-04T19:01:21: npm error Missing script: "start"
2026-07-04T19:01:21: npm error
2026-07-04T19:01:21: npm error Did you mean one of these?
2026-07-04T19:01:21: npm error   npm star # Mark your favorite packages
2026-07-04T19:01:21: npm error   npm stars # View packages marked as favorites
2026-07-04T19:01:21: npm error
2026-07-04T19:01:21: npm error To see a list of scripts, run:
2026-07-04T19:01:21: npm error   npm run
2026-07-04T19:01:21: npm error A complete log of this run can be found in: /Users/manu/.npm/_logs/2026-07-04T17_01_21_101Z-debug-0.log
2026-07-04T19:01:21: npm error Missing script: "start"
2026-07-04T19:01:21: npm error
2026-07-04T19:01:21: npm error Did you mean one of these?
2026-07-04T19:01:21: npm error   npm star # Mark your favorite packages
2026-07-04T19:01:21: npm error   npm stars # View packages marked as favorites
2026-07-04T19:01:21: npm error
2026-07-04T19:01:21: npm error To see a list of scripts, run:
2026-07-04T19:01:21: npm error   npm run
2026-07-04T19:01:21: npm error A complete log of this run can be found in: /Users/manu/.npm/_logs/2026-07-04T17_01_21_423Z-debug-0.log
2026-07-04T19:01:21: npm error Missing script: "start"
2026-07-04T19:01:21: npm error
2026-07-04T19:01:21: npm error Did you mean one of these?
2026-07-04T19:01:21: npm error   npm star # Mark your favorite packages
2026-07-04T19:01:21: npm error   npm stars # View packages marked as favorites
2026-07-04T19:01:21: npm error
2026-07-04T19:01:21: npm error To see a list of scripts, run:
2026-07-04T19:01:21: npm error   npm run
2026-07-04T19:01:21: npm error A complete log of this run can be found in: /Users/manu/.npm/_logs/2026-07-04T17_01_21_736Z-debug-0.log
2026-07-04T19:01:22: npm error Missing script: "start"
2026-07-04T19:01:22: npm error
2026-07-04T19:01:22: npm error Did you mean one of these?
2026-07-04T19:01:22: npm error   npm star # Mark your favorite packages
2026-07-04T19:01:22: npm error   npm stars # View packages marked as favorites
2026-07-04T19:01:22: npm error
2026-07-04T19:01:22: npm error To see a list of scripts, run:
2026-07-04T19:01:22: npm error   npm run
2026-07-04T19:01:22: npm error A complete log of this run can be found in: /Users/manu/.npm/_logs/2026-07-04T17_01_22_110Z-debug-0.log
2026-07-04T19:01:22: npm error Missing script: "start"
2026-07-04T19:01:22: npm error
2026-07-04T19:01:22: npm error Did you mean one of these?
2026-07-04T19:01:22: npm error   npm star # Mark your favorite packages
2026-07-04T19:01:22: npm error   npm stars # View packages marked as favorites
2026-07-04T19:01:22: npm error
2026-07-04T19:01:22: npm error To see a list of scripts, run:
2026-07-04T19:01:22: npm error   npm run
2026-07-04T19:01:22: npm error A complete log of this run can be found in: /Users/manu/.npm/_logs/2026-07-04T17_01_22_461Z-debug-0.log
2026-07-04T19:01:22: npm error Missing script: "start"
2026-07-04T19:01:22: npm error
2026-07-04T19:01:22: npm error Did you mean one of these?
2026-07-04T19:01:22: npm error   npm star # Mark your favorite packages
2026-07-04T19:01:22: npm error   npm stars # View packages marked as favorites
2026-07-04T19:01:22: npm error
2026-07-04T19:01:22: npm error To see a list of scripts, run:
2026-07-04T19:01:22: npm error   npm run
2026-07-04T19:01:22: npm error A complete log of this run can be found in: /Users/manu/.npm/_logs/2026-07-04T17_01_22_789Z-debug-0.log
2026-07-04T19:01:23: npm error Missing script: "start"
2026-07-04T19:01:23: npm error
2026-07-04T19:01:23: npm error Did you mean one of these?
2026-07-04T19:01:23: npm error   npm star # Mark your favorite packages
2026-07-04T19:01:23: npm error   npm stars # View packages marked as favorites
2026-07-04T19:01:23: npm error
2026-07-04T19:01:23: npm error To see a list of scripts, run:
2026-07-04T19:01:23: npm error   npm run
2026-07-04T19:01:23: npm error A complete log of this run can be found in: /Users/manu/.npm/_logs/2026-07-04T17_01_23_107Z-debug-0.log
2026-07-04T19:01:23: npm error Missing script: "start"
2026-07-04T19:01:23: npm error
2026-07-04T19:01:23: npm error Did you mean one of these?
2026-07-04T19:01:23: npm error   npm star # Mark your favorite packages
2026-07-04T19:01:23: npm error   npm stars # View packages marked as favorites
2026-07-04T19:01:23: npm error
2026-07-04T19:01:23: npm error To see a list of scripts, run:
2026-07-04T19:01:23: npm error   npm run
2026-07-04T19:01:23: npm error A complete log of this run can be found in: /Users/manu/.npm/_logs/2026-07-04T17_01_23_423Z-debug-0.log
2026-07-04T19:01:23: npm error Missing script: "start"
2026-07-04T19:01:23: npm error
2026-07-04T19:01:23: npm error Did you mean one of these?
2026-07-04T19:01:23: npm error   npm star # Mark your favorite packages
2026-07-04T19:01:23: npm error   npm stars # View packages marked as favorites
2026-07-04T19:01:23: npm error
2026-07-04T19:01:23: npm error To see a list of scripts, run:
2026-07-04T19:01:23: npm error   npm run
2026-07-04T19:01:23: npm error A complete log of this run can be found in: /Users/manu/.npm/_logs/2026-07-04T17_01_23_746Z-debug-0.log
2026-07-04T19:01:24: npm error Missing script: "start"
2026-07-04T19:01:24: npm error
2026-07-04T19:01:24: npm error Did you mean one of these?
2026-07-04T19:01:24: npm error   npm star # Mark your favorite packages
2026-07-04T19:01:24: npm error   npm stars # View packages marked as favorites
2026-07-04T19:01:24: npm error
2026-07-04T19:01:24: npm error To see a list of scripts, run:
2026-07-04T19:01:24: npm error   npm run
2026-07-04T19:01:24: npm error A complete log of this run can be found in: /Users/manu/.npm/_logs/2026-07-04T17_01_24_075Z-debug-0.log
2026-07-04T19:01:24: npm error Missing script: "start"
2026-07-04T19:01:24: npm error
2026-07-04T19:01:24: npm error Did you mean one of these?
2026-07-04T19:01:24: npm error   npm star # Mark your favorite packages
2026-07-04T19:01:24: npm error   npm stars # View packages marked as favorites
2026-07-04T19:01:24: npm error
2026-07-04T19:01:24: npm error To see a list of scripts, run:
2026-07-04T19:01:24: npm error   npm run
2026-07-04T19:01:24: npm error A complete log of this run can be found in: /Users/manu/.npm/_logs/2026-07-04T17_01_24_388Z-debug-0.log
2026-07-04T19:01:24: npm error Missing script: "start"
2026-07-04T19:01:24: npm error
2026-07-04T19:01:24: npm error Did you mean one of these?
2026-07-04T19:01:24: npm error   npm star # Mark your favorite packages
2026-07-04T19:01:24: npm error   npm stars # View packages marked as favorites
2026-07-04T19:01:24: npm error
2026-07-04T19:01:24: npm error To see a list of scripts, run:
2026-07-04T19:01:24: npm error   npm run
2026-07-04T19:01:24: npm error A complete log of this run can be found in: /Users/manu/.npm/_logs/2026-07-04T17_01_24_707Z-debug-0.log
2026-07-04T19:01:25: npm error Missing script: "start"
2026-07-04T19:01:25: npm error
2026-07-04T19:01:25: npm error Did you mean one of these?
2026-07-04T19:01:25: npm error   npm star # Mark your favorite packages
2026-07-04T19:01:25: npm error   npm stars # View packages marked as favorites
2026-07-04T19:01:25: npm error
2026-07-04T19:01:25: npm error To see a list of scripts, run:
2026-07-04T19:01:25: npm error   npm run
2026-07-04T19:01:25: npm error A complete log of this run can be found in: /Users/manu/.npm/_logs/2026-07-04T17_01_25_031Z-debug-0.log
2026-07-04T19:02:27: npm error Missing script: "start"
2026-07-04T19:02:27: npm error
2026-07-04T19:02:27: npm error Did you mean one of these?
2026-07-04T19:02:27: npm error   npm star # Mark your favorite packages
2026-07-04T19:02:27: npm error   npm stars # View packages marked as favorites
2026-07-04T19:02:27: npm error
2026-07-04T19:02:27: npm error To see a list of scripts, run:
2026-07-04T19:02:27: npm error   npm run
2026-07-04T19:02:27: npm error A complete log of this run can be found in: /Users/manu/.npm/_logs/2026-07-04T17_02_27_045Z-debug-0.log
2026-07-04T19:02:28: npm error Missing script: "start"
2026-07-04T19:02:28: npm error
2026-07-04T19:02:28: npm error Did you mean one of these?
2026-07-04T19:02:28: npm error   npm star # Mark your favorite packages
2026-07-04T19:02:28: npm error   npm stars # View packages marked as favorites
2026-07-04T19:02:28: npm error
2026-07-04T19:02:28: npm error To see a list of scripts, run:
2026-07-04T19:02:28: npm error   npm run
2026-07-04T19:02:28: npm error A complete log of this run can be found in: /Users/manu/.npm/_logs/2026-07-04T17_02_27_901Z-debug-0.log
2026-07-04T19:02:28: npm error Missing script: "start"
2026-07-04T19:02:28: npm error
2026-07-04T19:02:28: npm error Did you mean one of these?
2026-07-04T19:02:28: npm error   npm star # Mark your favorite packages
2026-07-04T19:02:28: npm error   npm stars # View packages marked as favorites
2026-07-04T19:02:28: npm error
2026-07-04T19:02:28: npm error To see a list of scripts, run:
2026-07-04T19:02:28: npm error   npm run
2026-07-04T19:02:28: npm error A complete log of this run can be found in: /Users/manu/.npm/_logs/2026-07-04T17_02_28_469Z-debug-0.log
2026-07-04T19:02:29: npm error Missing script: "start"
2026-07-04T19:02:29: npm error
2026-07-04T19:02:29: npm error Did you mean one of these?
2026-07-04T19:02:29: npm error   npm star # Mark your favorite packages
2026-07-04T19:02:29: npm error   npm stars # View packages marked as favorites
2026-07-04T19:02:29: npm error
2026-07-04T19:02:29: npm error To see a list of scripts, run:
2026-07-04T19:02:29: npm error   npm run
2026-07-04T19:02:29: npm error A complete log of this run can be found in: /Users/manu/.npm/_logs/2026-07-04T17_02_28_946Z-debug-0.log
2026-07-04T19:02:29: npm error Missing script: "start"
2026-07-04T19:02:29: npm error
2026-07-04T19:02:29: npm error Did you mean one of these?
2026-07-04T19:02:29: npm error   npm star # Mark your favorite packages
2026-07-04T19:02:29: npm error   npm stars # View packages marked as favorites
2026-07-04T19:02:29: npm error
2026-07-04T19:02:29: npm error To see a list of scripts, run:
2026-07-04T19:02:29: npm error   npm run
2026-07-04T19:02:29: npm error A complete log of this run can be found in: /Users/manu/.npm/_logs/2026-07-04T17_02_29_328Z-debug-0.log
2026-07-04T19:02:29: npm error Missing script: "start"
2026-07-04T19:02:29: npm error
2026-07-04T19:02:29: npm error Did you mean one of these?
2026-07-04T19:02:29: npm error   npm star # Mark your favorite packages
2026-07-04T19:02:29: npm error   npm stars # View packages marked as favorites
2026-07-04T19:02:29: npm error
2026-07-04T19:02:29: npm error To see a list of scripts, run:
2026-07-04T19:02:29: npm error   npm run
2026-07-04T19:02:29: npm error A complete log of this run can be found in: /Users/manu/.npm/_logs/2026-07-04T17_02_29_666Z-debug-0.log
2026-07-04T19:02:30: npm error Missing script: "start"
2026-07-04T19:02:30: npm error
2026-07-04T19:02:30: npm error Did you mean one of these?
2026-07-04T19:02:30: npm error   npm star # Mark your favorite packages
2026-07-04T19:02:30: npm error   npm stars # View packages marked as favorites
2026-07-04T19:02:30: npm error
2026-07-04T19:02:30: npm error To see a list of scripts, run:
2026-07-04T19:02:30: npm error   npm run
2026-07-04T19:02:30: npm error A complete log of this run can be found in: /Users/manu/.npm/_logs/2026-07-04T17_02_29_993Z-debug-0.log
2026-07-04T19:02:30: npm error Missing script: "start"
2026-07-04T19:02:30: npm error
2026-07-04T19:02:30: npm error Did you mean one of these?
2026-07-04T19:02:30: npm error   npm star # Mark your favorite packages
2026-07-04T19:02:30: npm error   npm stars # View packages marked as favorites
2026-07-04T19:02:30: npm error
2026-07-04T19:02:30: npm error To see a list of scripts, run:
2026-07-04T19:02:30: npm error   npm run
2026-07-04T19:02:30: npm error A complete log of this run can be found in: /Users/manu/.npm/_logs/2026-07-04T17_02_30_325Z-debug-0.log
2026-07-04T19:02:30: npm error Missing script: "start"
2026-07-04T19:02:30: npm error
2026-07-04T19:02:30: npm error Did you mean one of these?
2026-07-04T19:02:30: npm error   npm star # Mark your favorite packages
2026-07-04T19:02:30: npm error   npm stars # View packages marked as favorites
2026-07-04T19:02:30: npm error
2026-07-04T19:02:30: npm error To see a list of scripts, run:
2026-07-04T19:02:30: npm error   npm run
2026-07-04T19:02:30: npm error A complete log of this run can be found in: /Users/manu/.npm/_logs/2026-07-04T17_02_30_671Z-debug-0.log
2026-07-04T19:02:31: npm error Missing script: "start"
2026-07-04T19:02:31: npm error
2026-07-04T19:02:31: npm error Did you mean one of these?
2026-07-04T19:02:31: npm error   npm star # Mark your favorite packages
2026-07-04T19:02:31: npm error   npm stars # View packages marked as favorites
2026-07-04T19:02:31: npm error
2026-07-04T19:02:31: npm error To see a list of scripts, run:
2026-07-04T19:02:31: npm error   npm run
2026-07-04T19:02:31: npm error A complete log of this run can be found in: /Users/manu/.npm/_logs/2026-07-04T17_02_31_011Z-debug-0.log
2026-07-04T19:02:31: npm error Missing script: "start"
2026-07-04T19:02:31: npm error
2026-07-04T19:02:31: npm error Did you mean one of these?
2026-07-04T19:02:31: npm error   npm star # Mark your favorite packages
2026-07-04T19:02:31: npm error   npm stars # View packages marked as favorites
2026-07-04T19:02:31: npm error
2026-07-04T19:02:31: npm error To see a list of scripts, run:
2026-07-04T19:02:31: npm error   npm run
2026-07-04T19:02:31: npm error A complete log of this run can be found in: /Users/manu/.npm/_logs/2026-07-04T17_02_31_336Z-debug-0.log
2026-07-04T19:02:31: npm error Missing script: "start"
2026-07-04T19:02:31: npm error
2026-07-04T19:02:31: npm error Did you mean one of these?
2026-07-04T19:02:31: npm error   npm star # Mark your favorite packages
2026-07-04T19:02:31: npm error   npm stars # View packages marked as favorites
2026-07-04T19:02:31: npm error
2026-07-04T19:02:31: npm error To see a list of scripts, run:
2026-07-04T19:02:31: npm error   npm run
2026-07-04T19:02:31: npm error A complete log of this run can be found in: /Users/manu/.npm/_logs/2026-07-04T17_02_31_664Z-debug-0.log
2026-07-04T19:02:32: npm error Missing script: "start"
2026-07-04T19:02:32: npm error
2026-07-04T19:02:32: npm error Did you mean one of these?
2026-07-04T19:02:32: npm error   npm star # Mark your favorite packages
2026-07-04T19:02:32: npm error   npm stars # View packages marked as favorites
2026-07-04T19:02:32: npm error
2026-07-04T19:02:32: npm error To see a list of scripts, run:
2026-07-04T19:02:32: npm error   npm run
2026-07-04T19:02:32: npm error A complete log of this run can be found in: /Users/manu/.npm/_logs/2026-07-04T17_02_32_006Z-debug-0.log
2026-07-04T19:02:32: npm error Missing script: "start"
2026-07-04T19:02:32: npm error
2026-07-04T19:02:32: npm error Did you mean one of these?
2026-07-04T19:02:32: npm error   npm star # Mark your favorite packages
2026-07-04T19:02:32: npm error   npm stars # View packages marked as favorites
2026-07-04T19:02:32: npm error
2026-07-04T19:02:32: npm error To see a list of scripts, run:
2026-07-04T19:02:32: npm error   npm run
2026-07-04T19:02:32: npm error A complete log of this run can be found in: /Users/manu/.npm/_logs/2026-07-04T17_02_32_335Z-debug-0.log
2026-07-04T19:02:32: npm error Missing script: "start"
2026-07-04T19:02:32: npm error
2026-07-04T19:02:32: npm error Did you mean one of these?
2026-07-04T19:02:32: npm error   npm star # Mark your favorite packages
2026-07-04T19:02:32: npm error   npm stars # View packages marked as favorites
2026-07-04T19:02:32: npm error
2026-07-04T19:02:32: npm error To see a list of scripts, run:
2026-07-04T19:02:32: npm error   npm run
2026-07-04T19:02:32: npm error A complete log of this run can be found in: /Users/manu/.npm/_logs/2026-07-04T17_02_32_679Z-debug-0.log
2026-07-04T19:11:53: npm error Missing script: "start"
2026-07-04T19:11:53: npm error
2026-07-04T19:11:53: npm error Did you mean one of these?
2026-07-04T19:11:53: npm error   npm star # Mark your favorite packages
2026-07-04T19:11:53: npm error   npm stars # View packages marked as favorites
2026-07-04T19:11:53: npm error
2026-07-04T19:11:53: npm error To see a list of scripts, run:
2026-07-04T19:11:53: npm error   npm run
2026-07-04T19:11:53: npm error A complete log of this run can be found in: /Users/manu/.npm/_logs/2026-07-04T17_11_53_340Z-debug-0.log
2026-07-04T19:11:54: npm error Missing script: "start"
2026-07-04T19:11:54: npm error
2026-07-04T19:11:54: npm error Did you mean one of these?
2026-07-04T19:11:54: npm error   npm star # Mark your favorite packages
2026-07-04T19:11:54: npm error   npm stars # View packages marked as favorites
2026-07-04T19:11:54: npm error
2026-07-04T19:11:54: npm error To see a list of scripts, run:
2026-07-04T19:11:54: npm error   npm run
2026-07-04T19:11:54: npm error A complete log of this run can be found in: /Users/manu/.npm/_logs/2026-07-04T17_11_54_116Z-debug-0.log
2026-07-04T19:11:54: npm error Missing script: "start"
2026-07-04T19:11:54: npm error
2026-07-04T19:11:54: npm error Did you mean one of these?
2026-07-04T19:11:54: npm error   npm star # Mark your favorite packages
2026-07-04T19:11:54: npm error   npm stars # View packages marked as favorites
2026-07-04T19:11:54: npm error
2026-07-04T19:11:54: npm error To see a list of scripts, run:
2026-07-04T19:11:54: npm error   npm run
2026-07-04T19:11:54: npm error A complete log of this run can be found in: /Users/manu/.npm/_logs/2026-07-04T17_11_54_757Z-debug-0.log
2026-07-04T19:11:55: npm error Missing script: "start"
2026-07-04T19:11:55: npm error
2026-07-04T19:11:55: npm error Did you mean one of these?
2026-07-04T19:11:55: npm error   npm star # Mark your favorite packages
2026-07-04T19:11:55: npm error   npm stars # View packages marked as favorites
2026-07-04T19:11:55: npm error
2026-07-04T19:11:55: npm error To see a list of scripts, run:
2026-07-04T19:11:55: npm error   npm run
2026-07-04T19:11:55: npm error A complete log of this run can be found in: /Users/manu/.npm/_logs/2026-07-04T17_11_55_469Z-debug-0.log
2026-07-04T19:11:56: npm error Missing script: "start"
2026-07-04T19:11:56: npm error
2026-07-04T19:11:56: npm error Did you mean one of these?
2026-07-04T19:11:56: npm error   npm star # Mark your favorite packages
2026-07-04T19:11:56: npm error   npm stars # View packages marked as favorites
2026-07-04T19:11:56: npm error
2026-07-04T19:11:56: npm error To see a list of scripts, run:
2026-07-04T19:11:56: npm error   npm run
2026-07-04T19:11:56: npm error A complete log of this run can be found in: /Users/manu/.npm/_logs/2026-07-04T17_11_55_993Z-debug-0.log
2026-07-04T19:11:56: npm error Missing script: "start"
2026-07-04T19:11:56: npm error
2026-07-04T19:11:56: npm error Did you mean one of these?
2026-07-04T19:11:56: npm error   npm star # Mark your favorite packages
2026-07-04T19:11:56: npm error   npm stars # View packages marked as favorites
2026-07-04T19:11:56: npm error
2026-07-04T19:11:56: npm error To see a list of scripts, run:
2026-07-04T19:11:56: npm error   npm run
2026-07-04T19:11:56: npm error A complete log of this run can be found in: /Users/manu/.npm/_logs/2026-07-04T17_11_56_493Z-debug-0.log
2026-07-04T19:11:57: npm error Missing script: "start"
2026-07-04T19:11:57: npm error
2026-07-04T19:11:57: npm error Did you mean one of these?
2026-07-04T19:11:57: npm error   npm star # Mark your favorite packages
2026-07-04T19:11:57: npm error   npm stars # View packages marked as favorites
2026-07-04T19:11:57: npm error
2026-07-04T19:11:57: npm error To see a list of scripts, run:
2026-07-04T19:11:57: npm error   npm run
2026-07-04T19:11:57: npm error A complete log of this run can be found in: /Users/manu/.npm/_logs/2026-07-04T17_11_56_937Z-debug-0.log
2026-07-04T19:11:57: npm error Missing script: "start"
2026-07-04T19:11:57: npm error
2026-07-04T19:11:57: npm error Did you mean one of these?
2026-07-04T19:11:57: npm error   npm star # Mark your favorite packages
2026-07-04T19:11:57: npm error   npm stars # View packages marked as favorites
2026-07-04T19:11:57: npm error
2026-07-04T19:11:57: npm error To see a list of scripts, run:
2026-07-04T19:11:57: npm error   npm run
2026-07-04T19:11:57: npm error A complete log of this run can be found in: /Users/manu/.npm/_logs/2026-07-04T17_11_57_353Z-debug-0.log
2026-07-04T19:11:57: npm error Missing script: "start"
2026-07-04T19:11:57: npm error
2026-07-04T19:11:57: npm error Did you mean one of these?
2026-07-04T19:11:57: npm error   npm star # Mark your favorite packages
2026-07-04T19:11:57: npm error   npm stars # View packages marked as favorites
2026-07-04T19:11:57: npm error
2026-07-04T19:11:57: npm error To see a list of scripts, run:
2026-07-04T19:11:57: npm error   npm run
2026-07-04T19:11:57: npm error A complete log of this run can be found in: /Users/manu/.npm/_logs/2026-07-04T17_11_57_752Z-debug-0.log
2026-07-04T19:11:58: npm error Missing script: "start"
2026-07-04T19:11:58: npm error
2026-07-04T19:11:58: npm error Did you mean one of these?
2026-07-04T19:11:58: npm error   npm star # Mark your favorite packages
2026-07-04T19:11:58: npm error   npm stars # View packages marked as favorites
2026-07-04T19:11:58: npm error
2026-07-04T19:11:58: npm error To see a list of scripts, run:
2026-07-04T19:11:58: npm error   npm run
2026-07-04T19:11:58: npm error A complete log of this run can be found in: /Users/manu/.npm/_logs/2026-07-04T17_11_58_137Z-debug-0.log
2026-07-04T19:11:58: npm error Missing script: "start"
2026-07-04T19:11:58: npm error
2026-07-04T19:11:58: npm error Did you mean one of these?
2026-07-04T19:11:58: npm error   npm star # Mark your favorite packages
2026-07-04T19:11:58: npm error   npm stars # View packages marked as favorites
2026-07-04T19:11:58: npm error
2026-07-04T19:11:58: npm error To see a list of scripts, run:
2026-07-04T19:11:58: npm error   npm run
2026-07-04T19:11:58: npm error A complete log of this run can be found in: /Users/manu/.npm/_logs/2026-07-04T17_11_58_539Z-debug-0.log
2026-07-04T19:11:59: npm error Missing script: "start"
2026-07-04T19:11:59: npm error
2026-07-04T19:11:59: npm error Did you mean one of these?
2026-07-04T19:11:59: npm error   npm star # Mark your favorite packages
2026-07-04T19:11:59: npm error   npm stars # View packages marked as favorites
2026-07-04T19:11:59: npm error
2026-07-04T19:11:59: npm error To see a list of scripts, run:
2026-07-04T19:11:59: npm error   npm run
2026-07-04T19:11:59: npm error A complete log of this run can be found in: /Users/manu/.npm/_logs/2026-07-04T17_11_58_952Z-debug-0.log
2026-07-04T19:11:59: npm error Missing script: "start"
2026-07-04T19:11:59: npm error
2026-07-04T19:11:59: npm error Did you mean one of these?
2026-07-04T19:11:59: npm error   npm star # Mark your favorite packages
2026-07-04T19:11:59: npm error   npm stars # View packages marked as favorites
2026-07-04T19:11:59: npm error
2026-07-04T19:11:59: npm error To see a list of scripts, run:
2026-07-04T19:11:59: npm error   npm run
2026-07-04T19:11:59: npm error A complete log of this run can be found in: /Users/manu/.npm/_logs/2026-07-04T17_11_59_338Z-debug-0.log
2026-07-04T19:11:59: npm error Missing script: "start"
2026-07-04T19:11:59: npm error
2026-07-04T19:11:59: npm error Did you mean one of these?
2026-07-04T19:11:59: npm error   npm star # Mark your favorite packages
2026-07-04T19:11:59: npm error   npm stars # View packages marked as favorites
2026-07-04T19:11:59: npm error
2026-07-04T19:11:59: npm error To see a list of scripts, run:
2026-07-04T19:11:59: npm error   npm run
2026-07-04T19:11:59: npm error A complete log of this run can be found in: /Users/manu/.npm/_logs/2026-07-04T17_11_59_740Z-debug-0.log
2026-07-04T19:12:00: npm error Missing script: "start"
2026-07-04T19:12:00: npm error
2026-07-04T19:12:00: npm error Did you mean one of these?
2026-07-04T19:12:00: npm error   npm star # Mark your favorite packages
2026-07-04T19:12:00: npm error   npm stars # View packages marked as favorites
2026-07-04T19:12:00: npm error
2026-07-04T19:12:00: npm error To see a list of scripts, run:
2026-07-04T19:12:00: npm error   npm run
2026-07-04T19:12:00: npm error A complete log of this run can be found in: /Users/manu/.npm/_logs/2026-07-04T17_12_00_104Z-debug-0.log
