2026-07-02T04:00:43.538+0200	INFO	livekit	hwstats/cpu.go:129	high cpu load	{"load": 0.9411764705882353}
2026-07-02T11:01:06.040+0200	INFO	livekit	hwstats/cpu.go:129	high cpu load	{"load": 0.9522900763358778}
2026-07-02T12:02:05.194+0200	INFO	livekit	hwstats/cpu.go:129	high cpu load	{"load": 0.9154727793696276}
2026-07-02T12:23:12.145+0200	INFO	livekit	hwstats/cpu.go:129	high cpu load	{"load": 0.9570230607966457}
2026-07-02T12:44:35.155+0200	INFO	livekit	hwstats/cpu.go:129	high cpu load	{"load": 1}
2026-07-02T13:01:43.752+0200	INFO	livekit	hwstats/cpu.go:129	high cpu load	{"load": 0.9494630448515476}
2026-07-02T13:30:32.208+0200	INFO	livekit	hwstats/cpu.go:129	high cpu load	{"load": 0.9086595492289442}
2026-07-02T13:54:25.258+0200	INFO	livekit	hwstats/cpu.go:129	high cpu load	{"load": 0.9618117229129662}
2026-07-02T13:55:25.260+0200	INFO	livekit	hwstats/cpu.go:129	high cpu load	{"load": 0.9122807017543859}
2026-07-02T14:04:46.332+0200	INFO	livekit	hwstats/cpu.go:129	high cpu load	{"load": 0.9746153846153847}
2026-07-02T14:05:46.329+0200	INFO	livekit	hwstats/cpu.go:129	high cpu load	{"load": 0.9534109816971714}
2026-07-02T14:38:09.304+0200	INFO	livekit	hwstats/cpu.go:129	high cpu load	{"load": 0.9836065573770492}
2026-07-02T15:20:48.565+0200	INFO	livekit	server/main.go:210	starting in development mode
2026-07-02T15:20:48.570+0200	INFO	livekit	server/main.go:213	no keys provided, using placeholder keys	{"API Key": "devkey", "API Secret": "secret"}
2026-07-02T15:20:48.574+0200	INFO	livekit	hwstats/memory_linux.go:74	failed reading cgroup specific memory stats, falling back to system wide implementation
2026-07-02T15:20:48.574+0200	INFO	livekit	routing/interfaces.go:181	using single-node routing
2026-07-02T15:20:48.604+0200	INFO	livekit	service/server.go:292	starting LiveKit server	{"portHttp": 7880, "nodeID": "ND_HaBqwuDLjEM5", "nodeIP": "127.0.0.1", "version": "1.13.2", "bindAddresses": ["127.0.0.1"], "rtc.portTCP": 7881, "rtc.portUDP": {"Start":7882,"End":0}}
2026-07-02T15:20:48.604+0200	DEBUG	livekit	service/signal.go:119	starting relay signal server	{"topic": "ND_HaBqwuDLjEM5"}
2026-07-02T15:23:40.355+0200	INFO	livekit	server/main.go:315	exit requested, shutting down	{"signal": "interrupt", "force": false}
2026-07-02T15:23:40.604+0200	INFO	livekit	server/main.go:210	starting in development mode
2026-07-02T15:23:40.604+0200	INFO	livekit	server/main.go:213	no keys provided, using placeholder keys	{"API Key": "devkey", "API Secret": "secret"}
2026-07-02T15:23:40.608+0200	INFO	livekit	hwstats/memory_linux.go:74	failed reading cgroup specific memory stats, falling back to system wide implementation
2026-07-02T15:23:40.609+0200	INFO	livekit	routing/interfaces.go:181	using single-node routing
2026-07-02T15:23:40.666+0200	INFO	livekit	service/server.go:292	starting LiveKit server	{"portHttp": 7880, "nodeID": "ND_G2rFMrHXq43n", "nodeIP": "127.0.0.1", "version": "1.13.2", "bindAddresses": ["127.0.0.1"], "rtc.portTCP": 7881, "rtc.portUDP": {"Start":7882,"End":0}}
2026-07-02T15:23:40.666+0200	DEBUG	livekit	service/signal.go:119	starting relay signal server	{"topic": "ND_G2rFMrHXq43n"}
2026-07-02T15:25:01.722+0200	INFO	livekit	server/main.go:315	exit requested, shutting down	{"signal": "interrupt", "force": false}
2026-07-02T15:25:05.106+0200	INFO	livekit	server/main.go:210	starting in development mode
2026-07-02T15:25:05.106+0200	INFO	livekit	server/main.go:213	no keys provided, using placeholder keys	{"API Key": "devkey", "API Secret": "secret"}
2026-07-02T15:25:05.107+0200	INFO	livekit	hwstats/memory_linux.go:74	failed reading cgroup specific memory stats, falling back to system wide implementation
2026-07-02T15:25:05.107+0200	INFO	livekit	routing/interfaces.go:181	using single-node routing
2026-07-02T15:25:05.140+0200	INFO	livekit	service/server.go:292	starting LiveKit server	{"portHttp": 7880, "nodeID": "ND_gFyVfxMMT5A9", "nodeIP": "127.0.0.1", "version": "1.13.2", "bindAddresses": ["127.0.0.1"], "rtc.portTCP": 7881, "rtc.portUDP": {"Start":7882,"End":0}}
2026-07-02T15:25:05.140+0200	DEBUG	livekit	service/signal.go:119	starting relay signal server	{"topic": "ND_gFyVfxMMT5A9"}
2026-07-02T15:31:10.315+0200	INFO	livekit	hwstats/cpu.go:211	high cpu load	{"load": 1}
2026-07-02T15:45:57.625+0200	INFO	livekit	server/main.go:315	exit requested, shutting down	{"signal": "interrupt", "force": false}
